t20: Insert days of week into tree, then call balanced
Tree is not balanced.
