t21: Insert days of week into tree, then call balanced, rebalance, balanced
Tree is balanced.
calling rebalance
Tree is balanced.
